node:events:491
      throw er; // Unhandled 'error' event
      ^

Error: UNKNOWN: unknown error, lstat 'C:\Users\broth\Documents\work\ATAK\src\reticulum_mobile_emergency_management\apps\mobile\android\app\build\intermediates\incremental\packageRelease\tmp\release\dex-renamer-state.txt'
Emitted 'error' event on FSWatcher instance at:
    at FSWatcher._handleError (file:///C:/Users/broth/Documents/work/ATAK/src/reticulum_mobile_emergency_management/node_modules/vite/dist/node/chunks/dep-D4NMHUTW.js:23896:10)
    at NodeFsHandler._boundHandleError (file:///C:/Users/broth/Documents/work/ATAK/src/reticulum_mobile_emergency_management/node_modules/vite/dist/node/chunks/dep-D4NMHUTW.js:22369:43)
    at ReaddirpStream.emit (node:events:513:28)
    at emitErrorNT (node:internal/streams/destroy:170:8)
    at emitErrorCloseNT (node:internal/streams/destroy:129:3)
    at process.processTicksAndRejections (node:internal/process/task_queues:90:21) {
  errno: -4094,
  code: 'UNKNOWN',
  syscall: 'lstat',
  path: 'C:\\Users\\broth\\Documents\\work\\ATAK\\src\\reticulum_mobile_emergency_management\\apps\\mobile\\android\\app\\build\\intermediates\\incremental\\packageRelease\\tmp\\release\\dex-renamer-state.txt'
}

Node.js v23.3.0
npm error Lifecycle script `dev:web` failed with error:
npm error code 1
npm error path C:\Users\broth\Documents\work\ATAK\src\reticulum_mobile_emergency_management\apps\mobile
npm error workspace @reticulum/mobile@1.0.9
npm error location C:\Users\broth\Documents\work\ATAK\src\reticulum_mobile_emergency_management\apps\mobile
npm error command failed
npm error command C:\WINDOWS\system32\cmd.exe /d /s /c vite --mode web --host 127.0.0.1 --port 4173
