
> @reticulum/mobile@1.0.9 dev:web
> vite --mode web --host 127.0.0.1 --port 4173


  [32m[1mVITE[22m v6.4.1[39m  [42m [1mweb[22m [49m  [2mready in [0m[1m381[22m[2m[0m ms[22m

  [32m➜[39m  [1mLocal[22m:   [36mhttp://127.0.0.1:[1m4173[22m/[39m
[2m4:42:14 p.m.[22m [36m[1m[vite][22m[39m [90m[2m(client)[22m[39m [32mhmr update [39m[2m/src/views/DashboardView.vue[22m
[2m4:44:41 p.m.[22m [36m[1m[vite][22m[39m [90m[2m(client)[22m[39m [32mpage reload [39m[2mandroid/app/src/main/assets/public/index.html[22m
[2m4:44:59 p.m.[22m [36m[1m[vite][22m[39m [90m[2m(client)[22m[39m [32mpage reload [39m[2mandroid/build/reports/problems/problems-report.html[22m
[2m4:45:12 p.m.[22m [36m[1m[vite][22m[39m [90m[2m(client)[22m[39m [32mpage reload [39m[2mandroid/app/build/intermediates/assets/release/mergeReleaseAssets/public/index.html[22m
[2m4:52:38 p.m.[22m [36m[1m[vite][22m[39m [90m[2m(client)[22m[39m [32mhmr update [39m[2m/src/views/DashboardView.vue[22m
[2m4:53:41 p.m.[22m [36m[1m[vite][22m[39m [90m[2m(client)[22m[39m [32mpage reload [39m[2mandroid/app/src/main/assets/public/index.html[22m
[2m4:53:57 p.m.[22m [36m[1m[vite][22m[39m [90m[2m(client)[22m[39m [32mpage reload [39m[2mandroid/app/build/intermediates/assets/release/mergeReleaseAssets/public/index.html[22m
[2m5:04:26 p.m.[22m [36m[1m[vite][22m[39m [90m[2m(client)[22m[39m [32mhmr update [39m[2m/src/views/DashboardView.vue, /src/views/DashboardView.vue?vue&type=style&index=0&scoped=336c5134&lang.css[22m
[2m5:20:39 p.m.[22m [36m[1m[vite][22m[39m [90m[2m(client)[22m[39m [32mhmr update [39m[2m/src/App.vue[22m
[2m5:22:37 p.m.[22m [36m[1m[vite][22m[39m [90m[2m(client)[22m[39m [32mhmr update [39m[2m/src/views/ActionMessagesView.vue[22m
[2m5:22:55 p.m.[22m [36m[1m[vite][22m[39m [90m[2m(client)[22m[39m [32mhmr update [39m[2m/src/views/ActionMessagesView.vue?vue&type=style&index=0&scoped=c4a502bb&lang.css[22m
[2m5:23:01 p.m.[22m [36m[1m[vite][22m[39m [90m[2m(client)[22m[39m [32mhmr update [39m[2m/src/views/ActionMessagesView.vue?vue&type=style&index=0&scoped=c4a502bb&lang.css[22m
[2m5:28:42 p.m.[22m [36m[1m[vite][22m[39m [90m[2m(client)[22m[39m [32mhmr update [39m[2m/src/views/InboxView.vue, /src/views/InboxView.vue?vue&type=style&index=0&scoped=e6f2369c&lang.css[22m
[2m5:28:59 p.m.[22m [36m[1m[vite][22m[39m [90m[2m(client)[22m[39m [32mhmr update [39m[2m/src/components/messaging/ConversationList.vue?vue&type=style&index=0&scoped=b8342433&lang.css[22m
[2m5:31:27 p.m.[22m [36m[1m[vite][22m[39m [90m[2m(client)[22m[39m [32mpage reload [39m[2mandroid/app/src/main/assets/public/index.html[22m
[2m5:31:41 p.m.[22m [36m[1m[vite][22m[39m [90m[2m(client)[22m[39m [32mpage reload [39m[2mandroid/app/build/intermediates/assets/release/mergeReleaseAssets/public/index.html[22m
[2m5:35:47 p.m.[22m [36m[1m[vite][22m[39m [90m[2m(client)[22m[39m [32mhmr update [39m[2m/src/App.vue, /src/views/DashboardView.vue, /src/views/TelemetryMapView.vue, /src/views/InboxView.vue, /src/views/ActionMessagesView.vue, /src/views/ChecklistView.vue[22m
[2m5:35:47 p.m.[22m [36m[1m[vite][22m[39m [90m[2m(client)[22m[39m [32mhmr update [39m[2m/src/App.vue, /src/views/DashboardView.vue, /src/views/TelemetryMapView.vue, /src/views/InboxView.vue[22m
[2m5:35:47 p.m.[22m [36m[1m[vite][22m[39m [90m[2m(client)[22m[39m [32mpage reload [39m[2msrc/router.ts[22m
[2m5:35:47 p.m.[22m [36m[1m[vite][22m[39m [90m[2m(client)[22m[39m [32mhmr update [39m[2m/src/App.vue, /src/views/DashboardView.vue, /src/views/TelemetryMapView.vue, /src/views/InboxView.vue, /src/views/ActionMessagesView.vue, /src/components/sos/SosOverlay.vue, /src/views/SetupWizardView.vue, /src/views/ChecklistView.vue, /src/views/PeersDiscoveryView.vue[22m
[2m5:35:47 p.m.[22m [36m[1m[vite][22m[39m [90m[2m(client)[22m[39m [32mhmr update [39m[2m/src/App.vue, /src/components/sos/SosOverlay.vue, /src/views/SetupWizardView.vue, /src/views/TelemetryMapView.vue, /src/views/InboxView.vue[22m
[2m5:35:47 p.m.[22m [36m[1m[vite][22m[39m [32mvite.config.ts changed, restarting server...[39m
[2m5:35:47 p.m.[22m [36m[1m[vite][22m[39m [90m[2m(client)[22m[39m [32mhmr update [39m[2m/src/App.vue, /src/views/DashboardView.vue, /src/views/TelemetryMapView.vue, /src/views/InboxView.vue, /src/views/ActionMessagesView.vue, /src/components/sos/SosOverlay.vue, /src/views/SetupWizardView.vue, /src/views/ChecklistView.vue, /src/views/PeersDiscoveryView.vue[22m
[2m5:35:47 p.m.[22m [36m[1m[vite][22m[39m [90m[2m(client)[22m[39m [32mhmr update [39m[2m/src/App.vue[22m
[2m5:35:47 p.m.[22m [36m[1m[vite][22m[39m [90m[2m(client)[22m[39m [32mhmr update [39m[2m/src/components/ActionMessageItem.vue, /src/components/ActionMessageItem.vue?vue&type=style&index=0&scoped=3ea705a5&lang.css[22m
[2m5:35:47 p.m.[22m [36m[1m[vite][22m[39m [90m[2m(client)[22m[39m [32mhmr update [39m[2m/src/components/messaging/ConversationList.vue, /src/components/messaging/ConversationList.vue?vue&type=style&index=0&scoped=b8342433&lang.css[22m
[2m5:35:47 p.m.[22m [36m[1m[vite][22m[39m [90m[2m(client)[22m[39m [32mhmr update [39m[2m/src/components/ActionMessageList.vue[22m
[2m5:35:47 p.m.[22m [36m[1m[vite][22m[39m [90m[2m(client)[22m[39m [32mhmr update [39m[2m/src/components/ActionMessageTable.vue[22m
[2m5:35:47 p.m.[22m [36m[1m[vite][22m[39m [90m[2m(client)[22m[39m [32mhmr update [39m[2m/src/views/ActionMessagesView.vue, /src/views/ActionMessagesView.vue?vue&type=style&index=0&scoped=c4a502bb&lang.css[22m
[2m5:35:47 p.m.[22m [36m[1m[vite][22m[39m [90m[2m(client)[22m[39m [32mhmr update [39m[2m/src/components/messaging/ConversationThread.vue, /src/components/messaging/ConversationThread.vue?vue&type=style&index=0&scoped=66692f9f&lang.css[22m
[2m5:35:47 p.m.[22m [36m[1m[vite][22m[39m [90m[2m(client)[22m[39m [32mhmr update [39m[2m/src/views/DashboardView.vue, /src/views/DashboardView.vue?vue&type=style&index=0&scoped=336c5134&lang.css[22m
[2m5:35:47 p.m.[22m [36m[1m[vite][22m[39m [90m[2m(client)[22m[39m [32mhmr update [39m[2m/src/views/InboxView.vue, /src/views/InboxView.vue?vue&type=style&index=0&scoped=e6f2369c&lang.css[22m
[2m5:35:47 p.m.[22m [36m[1m[vite][22m[39m [90m[2m(client)[22m[39m [32mhmr update [39m[2m/src/views/TelemetryMapView.vue, /src/views/TelemetryMapView.vue?vue&type=style&index=0&scoped=2e962421&lang.css[22m
[2m5:35:48 p.m.[22m [36m[1m[vite][22m[39m server restarted.
[2m5:35:57 p.m.[22m [36m[1m[vite][22m[39m [90m[2m(client)[22m[39m [32mhmr update [39m[2m/src/App.vue, /src/views/DashboardView.vue, /src/views/ChecklistView.vue, /src/views/ChecklistDetailView.vue, /src/views/InboxView.vue, /src/views/ActionMessagesView.vue, /src/views/EventsView.vue[22m
[2m5:35:57 p.m.[22m [36m[1m[vite][22m[39m [90m[2m(client)[22m[39m [32mhmr update [39m[2m/src/App.vue, /src/views/InboxView.vue[22m
[2m5:35:57 p.m.[22m [36m[1m[vite][22m[39m [90m[2m(client)[22m[39m [32mpage reload [39m[2msrc/router.ts[22m
[2m5:35:57 p.m.[22m [36m[1m[vite][22m[39m [90m[2m(client)[22m[39m [32mhmr update [39m[2m/src/App.vue, /src/views/InboxView.vue, /src/views/DashboardView.vue, /src/views/ChecklistView.vue, /src/views/ChecklistDetailView.vue, /src/views/TelemetryMapView.vue, /src/views/SettingsView.vue, /src/views/ActionMessagesView.vue, /src/components/sos/SosOverlay.vue, /src/components/sos/SosEmergencyCard.vue, /src/views/SetupWizardView.vue, /src/views/EventsView.vue, /src/views/PeersDiscoveryView.vue[22m
[2m5:35:57 p.m.[22m [36m[1m[vite][22m[39m [90m[2m(client)[22m[39m [32mhmr update [39m[2m/src/App.vue, /src/views/InboxView.vue, /src/components/sos/SosOverlay.vue, /src/views/TelemetryMapView.vue, /src/components/sos/SosEmergencyCard.vue, /src/views/SetupWizardView.vue[22m
[2m5:35:57 p.m.[22m [36m[1m[vite][22m[39m [90m[2m(client)[22m[39m [32mhmr update [39m[2m/src/App.vue, /src/views/InboxView.vue, /src/views/DashboardView.vue, /src/views/ChecklistView.vue, /src/views/ChecklistDetailView.vue, /src/views/TelemetryMapView.vue, /src/views/SettingsView.vue, /src/views/ActionMessagesView.vue, /src/components/sos/SosOverlay.vue, /src/components/sos/SosEmergencyCard.vue, /src/views/SetupWizardView.vue, /src/views/EventsView.vue, /src/views/PeersDiscoveryView.vue[22m
[2m5:35:57 p.m.[22m [36m[1m[vite][22m[39m [32mvite.config.ts changed, restarting server...[39m
[2m5:35:57 p.m.[22m [36m[1m[vite][22m[39m [90m[2m(client)[22m[39m [32mhmr update [39m[2m/src/App.vue[22m
[2m5:35:57 p.m.[22m [36m[1m[vite][22m[39m [90m[2m(client)[22m[39m [32mhmr update [39m[2m/src/components/ActionMessageItem.vue, /src/components/ActionMessageItem.vue?vue&type=style&index=0&scoped=3ea705a5&lang.css[22m
[2m5:35:57 p.m.[22m [36m[1m[vite][22m[39m [90m[2m(client)[22m[39m [32mhmr update [39m[2m/src/components/messaging/ConversationList.vue, /src/components/messaging/ConversationList.vue?vue&type=style&index=0&scoped=b8342433&lang.css[22m
[2m5:35:57 p.m.[22m [36m[1m[vite][22m[39m [90m[2m(client)[22m[39m [32mhmr update [39m[2m/src/views/ActionMessagesView.vue, /src/views/ActionMessagesView.vue?vue&type=style&index=0&scoped=c4a502bb&lang.css[22m
[2m5:35:57 p.m.[22m [36m[1m[vite][22m[39m [90m[2m(client)[22m[39m [32mhmr update [39m[2m/src/components/ActionMessageTable.vue[22m
[2m5:35:57 p.m.[22m [36m[1m[vite][22m[39m [90m[2m(client)[22m[39m [32mhmr update [39m[2m/src/components/ActionMessageList.vue[22m
[2m5:35:57 p.m.[22m [36m[1m[vite][22m[39m [90m[2m(client)[22m[39m [32mhmr update [39m[2m/src/components/messaging/ConversationThread.vue, /src/components/messaging/ConversationThread.vue?vue&type=style&index=0&scoped=66692f9f&lang.css[22m
[2m5:35:57 p.m.[22m [36m[1m[vite][22m[39m [90m[2m(client)[22m[39m [32mhmr update [39m[2m/src/views/DashboardView.vue, /src/views/DashboardView.vue?vue&type=style&index=0&scoped=336c5134&lang.css[22m
[2m5:35:57 p.m.[22m [36m[1m[vite][22m[39m [90m[2m(client)[22m[39m [32mhmr update [39m[2m/src/views/InboxView.vue, /src/views/InboxView.vue?vue&type=style&index=0&scoped=e6f2369c&lang.css[22m
[2m5:35:57 p.m.[22m [36m[1m[vite][22m[39m [90m[2m(client)[22m[39m [32mhmr update [39m[2m/src/views/TelemetryMapView.vue, /src/views/TelemetryMapView.vue?vue&type=style&index=0&scoped=2e962421&lang.css[22m
[2m5:35:58 p.m.[22m [36m[1m[vite][22m[39m server restarted.
[2m7:34:42 a.m.[22m [36m[1m[vite][22m[39m [90m[2m(client)[22m[39m [32mpage reload [39m[2mandroid/app/src/main/assets/public/index.html[22m
[2m7:42:46 a.m.[22m [36m[1m[vite][22m[39m [90m[2m(client)[22m[39m [32mpage reload [39m[2mandroid/build/reports/problems/problems-report.html[22m
[2m7:43:11 a.m.[22m [36m[1m[vite][22m[39m [90m[2m(client)[22m[39m [32mpage reload [39m[2mandroid/app/build/intermediates/assets/release/mergeReleaseAssets/public/index.html[22m
[2m9:22:48 a.m.[22m [36m[1m[vite][22m[39m [90m[2m(client)[22m[39m [32mhmr update [39m[2m/src/components/ActionMessageItem.vue, /src/components/StatusPill.vue[22m
[2m9:22:53 a.m.[22m [36m[1m[vite][22m[39m [90m[2m(client)[22m[39m [32mhmr update [39m[2m/src/App.vue, /src/views/InboxView.vue, /src/components/sos/SosOverlay.vue, /src/views/TelemetryMapView.vue, /src/components/sos/SosEmergencyCard.vue, /src/views/SetupWizardView.vue, /src/views/SettingsView.vue, /src/views/DashboardView.vue, /src/views/ChecklistView.vue, /src/views/ChecklistDetailView.vue, /src/views/ActionMessagesView.vue, /src/views/EventsView.vue, /src/views/PeersDiscoveryView.vue[22m
[2m9:23:08 a.m.[22m [36m[1m[vite][22m[39m [90m[2m(client)[22m[39m [32mhmr update [39m[2m/src/App.vue, /src/views/InboxView.vue, /src/components/sos/SosOverlay.vue, /src/views/TelemetryMapView.vue, /src/components/sos/SosEmergencyCard.vue, /src/views/SetupWizardView.vue, /src/views/SettingsView.vue, /src/views/DashboardView.vue, /src/views/ChecklistView.vue, /src/views/ChecklistDetailView.vue, /src/views/ActionMessagesView.vue, /src/views/EventsView.vue, /src/views/PeersDiscoveryView.vue[22m
[2m9:23:16 a.m.[22m [36m[1m[vite][22m[39m [90m[2m(client)[22m[39m [32mhmr update [39m[2m/src/App.vue, /src/views/InboxView.vue, /src/components/sos/SosOverlay.vue, /src/views/TelemetryMapView.vue, /src/components/sos/SosEmergencyCard.vue, /src/views/SetupWizardView.vue, /src/views/SettingsView.vue, /src/views/DashboardView.vue, /src/views/ChecklistView.vue, /src/views/ChecklistDetailView.vue, /src/views/ActionMessagesView.vue, /src/views/EventsView.vue, /src/views/PeersDiscoveryView.vue[22m
[2m9:23:23 a.m.[22m [36m[1m[vite][22m[39m [90m[2m(client)[22m[39m [32mhmr update [39m[2m/src/App.vue, /src/views/InboxView.vue, /src/components/sos/SosOverlay.vue, /src/views/TelemetryMapView.vue, /src/components/sos/SosEmergencyCard.vue, /src/views/SetupWizardView.vue, /src/views/SettingsView.vue, /src/views/DashboardView.vue, /src/views/ChecklistView.vue, /src/views/ChecklistDetailView.vue, /src/views/ActionMessagesView.vue, /src/views/EventsView.vue, /src/views/PeersDiscoveryView.vue[22m
[2m9:23:28 a.m.[22m [36m[1m[vite][22m[39m [90m[2m(client)[22m[39m [32mhmr update [39m[2m/src/App.vue, /src/views/InboxView.vue, /src/components/sos/SosOverlay.vue, /src/views/TelemetryMapView.vue, /src/components/sos/SosEmergencyCard.vue, /src/views/SetupWizardView.vue, /src/views/SettingsView.vue, /src/views/DashboardView.vue, /src/views/ChecklistView.vue, /src/views/ChecklistDetailView.vue, /src/views/ActionMessagesView.vue, /src/views/EventsView.vue, /src/views/PeersDiscoveryView.vue[22m
[2m9:24:19 a.m.[22m [36m[1m[vite][22m[39m [90m[2m(client)[22m[39m [32mpage reload [39m[2mandroid/app/src/main/assets/public/index.html[22m
[2m9:24:30 a.m.[22m [36m[1m[vite][22m[39m [90m[2m(client)[22m[39m [32mpage reload [39m[2mandroid/app/build/intermediates/assets/release/mergeReleaseAssets/public/index.html[22m
